testing purpose only
PS C:\Users\HARI_JOHNSON\Desktop\test_repo> git clone https://github.com/Harijohnson/test_rep.git
Cloning into 'test_rep'...
warning: You appear to have cloned an empty repository.
PS C:\Users\HARI_JOHNSON\Desktop\test_repo> cd test_repo
cd : Cannot find path 'C:\Users\HARI_JOHNSON\Desktop\test_repo\test_repo' because it does not exist.
At line:1 char:1
+ cd test_repo
+ ~~~~~~~~~~~~
    + CategoryInfo          : ObjectNotFound: (C:\Users\HARI_J..._repo\test_repo:String) [Set-Location], ItemNotFoundException
    + FullyQualifiedErrorId : PathNotFound,Microsoft.PowerShell.Commands.SetLocationCommand

PS C:\Users\HARI_JOHNSON\Desktop\test_repo> cd test_rep 
PS C:\Users\HARI_JOHNSON\Desktop\test_repo\test_rep> git add test.txt
PS C:\Users\HARI_JOHNSON\Desktop\test_repo\test_rep> git commit -m "test uploade file named test.txt"
[main (root-commit) 15d843b] test uploade file named test.txt
 1 file changed, 1 insertion(+)
 create mode 100644 test.txt
PS C:\Users\HARI_JOHNSON\Desktop\test_repo\test_rep> git push origin main
Enumerating objects: 3, done.
Counting objects: 100% (3/3), done.
Writing objects: 100% (3/3), 245 bytes | 245.00 KiB/s, done.
Total 3 (delta 0), reused 0 (delta 0), pack-reused 0
To https://github.com/Harijohnson/test_rep.git
 * [new branch]      main -> main
PS C:\Users\HARI_JOHNSON\Desktop\test_repo\test_rep> git add test1.txt
PS C:\Users\HARI_JOHNSON\Desktop\test_repo\test_rep> git commit -m "new test file"
[main 0c011fc] new test file
 1 file changed, 1 insertion(+)
 create mode 100644 test1.txt
PS C:\Users\HARI_JOHNSON\Desktop\test_repo\test_rep> git push origin main
To https://github.com/Harijohnson/test_rep.git
 ! [rejected]        main -> main (non-fast-forward)
error: failed to push some refs to 'https://github.com/Harijohnson/test_rep.git'
hint: Updates were rejected because the tip of your current branch is behind
hint: its remote counterpart. If you want to integrate the remote changes,
hint: use 'git pull' before pushing again.
hint: See the 'Note about fast-forwards' in 'git push --help' for details.
PS C:\Users\HARI_JOHNSON\Desktop\test_repo\test_rep> git status
On branch main
Your branch and 'origin/main' have diverged,
and have 1 and 1 different commits each, respectively.
  (use "git pull" if you want to integrate the remote branch with yours)

nothing to commit, working tree clean
PS C:\Users\HARI_JOHNSON\Desktop\test_repo\test_rep> git pull origin main
From https://github.com/Harijohnson/test_rep
 * branch            main       -> FETCH_HEAD
Merge made by the 'ort' strategy.
 README.md | 2 ++
 1 file changed, 2 insertions(+)
 create mode 100644 README.md
PS C:\Users\HARI_JOHNSON\Desktop\test_repo\test_rep> git push origin main
Enumerating objects: 7, done.
Counting objects: 100% (7/7), done.
Delta compression using up to 8 threads
Compressing objects: 100% (4/4), done.
Writing objects: 100% (5/5), 596 bytes | 596.00 KiB/s, done.
Total 5 (delta 0), reused 0 (delta 0), pack-reused 0
To https://github.com/Harijohnson/test_rep.git
   1c18b91..caade13  main -> main
PS C:\Users\HARI_JOHNSON\Desktop\test_repo\test_rep> git commit -m "text1.txt file is deleted"
On branch main
Your branch is up to date with 'origin/main'.

Changes not staged for commit:
  (use "git add/rm <file>..." to update what will be committed)
  (use "git restore <file>..." to discard changes in working directory)
        deleted:    test1.txt

no changes added to commit (use "git add" and/or "git commit -a")
PS C:\Users\HARI_JOHNSON\Desktop\test_repo\test_rep> git push origin main
Everything up-to-date
PS C:\Users\HARI_JOHNSON\Desktop\test_repo\test_rep> git add text1.txt
fatal: pathspec 'text1.txt' did not match any files
PS C:\Users\HARI_JOHNSON\Desktop\test_repo\test_rep> git add test1.txt
PS C:\Users\HARI_JOHNSON\Desktop\test_repo\test_rep> git status
On branch main
Your branch is up to date with 'origin/main'.

Changes to be committed:
  (use "git restore --staged <file>..." to unstage)
        deleted:    test1.txt

PS C:\Users\HARI_JOHNSON\Desktop\test_repo\test_rep> git commit -m "test1.txt is deleted"
[main 1e2dd8f] test1.txt is deleted
 1 file changed, 1 deletion(-)
 delete mode 100644 test1.txt
PS C:\Users\HARI_JOHNSON\Desktop\test_repo\test_rep> git push origin main
Enumerating objects: 3, done.
Counting objects: 100% (3/3), done.
Delta compression using up to 8 threads
Compressing objects: 100% (2/2), done.
Writing objects: 100% (2/2), 223 bytes | 223.00 KiB/s, done.
Total 2 (delta 1), reused 0 (delta 0), pack-reused 0
remote: Resolving deltas: 100% (1/1), completed with 1 local object.
To https://github.com/Harijohnson/test_rep.git
   caade13..1e2dd8f  main -> main
PS C:\Users\HARI_JOHNSON\Desktop\test_repo\test_rep> git pull
remote: Enumerating objects: 4, done.
remote: Counting objects: 100% (4/4), done.
remote: Compressing objects: 100% (2/2), done.
remote: Total 3 (delta 0), reused 0 (delta 0), pack-reused 0
Unpacking objects: 100% (3/3), 721 bytes | 4.00 KiB/s, done.
From https://github.com/Harijohnson/test_rep
   1e2dd8f..ff53dfd  main       -> origin/main
Updating 1e2dd8f..ff53dfd
Fast-forward
 test2.txt | 1 +
 1 file changed, 1 insertion(+)
 create mode 100644 test2.txt
PS C:\Users\HARI_JOHNSON\Desktop\test_repo\test_rep> git commit -m "haha hee added"
On branch main
Your branch is up to date with 'origin/main'.

Changes not staged for commit:
  (use "git add <file>..." to update what will be committed)
  (use "git restore <file>..." to discard changes in working directory)
        modified:   test2.txt

no changes added to commit (use "git add" and/or "git commit -a")
PS C:\Users\HARI_JOHNSON\Desktop\test_repo\test_rep> git push
Everything up-to-date
PS C:\Users\HARI_JOHNSON\Desktop\test_repo\test_rep> git add -m "test2.txt"
error: unknown switch `m'
usage: git add [<options>] [--] <pathspec>...

    -n, --dry-run         dry run
    -v, --verbose         be verbose

    -i, --interactive     interactive picking
    -p, --patch           select hunks interactively
    -e, --edit            edit current diff and apply
    -f, --force           allow adding otherwise ignored files
    -u, --update          update tracked files
    --renormalize         renormalize EOL of tracked files (implies -u)
    -N, --intent-to-add   record only the fact that the path will be added later
    -A, --all             add changes from all tracked and untracked files
    --ignore-removal      ignore paths removed in the working tree (same as --no-all)
    --refresh             don't add, only refresh the index
    --ignore-errors       just skip files which cannot be added because of errors
    --ignore-missing      check if - even missing - files are ignored in dry run
    --sparse              allow updating entries outside of the sparse-checkout cone
    --chmod (+|-)x        override the executable bit of the listed files
    --pathspec-from-file <file>
                          read pathspec from file
    --pathspec-file-nul   with --pathspec-from-file, pathspec elements are separated with NUL character

PS C:\Users\HARI_JOHNSON\Desktop\test_repo\test_rep> git add  "test2.txt"  
PS C:\Users\HARI_JOHNSON\Desktop\test_repo\test_rep> git status
On branch main
Your branch is up to date with 'origin/main'.

Changes to be committed:
  (use "git restore --staged <file>..." to unstage)
        modified:   test2.txt

PS C:\Users\HARI_JOHNSON\Desktop\test_repo\test_rep> git commit -m "new changes"
[main a36f6aa] new changes
 1 file changed, 3 insertions(+)
PS C:\Users\HARI_JOHNSON\Desktop\test_repo\test_rep> git push
Enumerating objects: 5, done.
Counting objects: 100% (5/5), done.
Delta compression using up to 8 threads
Compressing objects: 100% (2/2), done.
Writing objects: 100% (3/3), 278 bytes | 278.00 KiB/s, done.
Total 3 (delta 1), reused 0 (delta 0), pack-reused 0
remote: Resolving deltas: 100% (1/1), completed with 1 local object.
To https://github.com/Harijohnson/test_rep.git
   ff53dfd..a36f6aa  main -> main
PS C:\Users\HARI_JOHNSON\Desktop\test_repo\test_rep> cd ..                                      
PS C:\Users\HARI_JOHNSON\Desktop\test_repo> cd test_repo2
PS C:\Users\HARI_JOHNSON\Desktop\test_repo\test_repo2> git init
Initialized empty Git repository in C:/Users/HARI_JOHNSON/Desktop/test_repo/test_repo2/.git/
PS C:\Users\HARI_JOHNSON\Desktop\test_repo\test_repo2> git status
On branch master

No commits yet

Untracked files:
  (use "git add <file>..." to include in what will be committed)
        index.html
        script.js
        style.css

nothing added to commit but untracked files present (use "git add" to track)
PS C:\Users\HARI_JOHNSON\Desktop\test_repo\test_repo2> git branch add https://github.com/Harijohnson/test_rep.git
fatal: not a valid object name: 'https://github.com/Harijohnson/test_rep.git'
PS C:\Users\HARI_JOHNSON\Desktop\test_repo\test_repo2> git remote add origin https://github.com/Harijohnson/test_rep.git
PS C:\Users\HARI_JOHNSON\Desktop\test_repo\test_repo2> git status                                                       
On branch master

No commits yet

Untracked files:
  (use "git add <file>..." to include in what will be committed)
        index.html
        script.js
        style.css

nothing added to commit but untracked files present (use "git add" to track)
PS C:\Users\HARI_JOHNSON\Desktop\test_repo\test_repo2> git add .   
PS C:\Users\HARI_JOHNSON\Desktop\test_repo\test_repo2> git status
On branch master

No commits yet

Changes to be committed:
  (use "git rm --cached <file>..." to unstage)
        new file:   index.html
        new file:   script.js
        new file:   style.css

PS C:\Users\HARI_JOHNSON\Desktop\test_repo\test_repo2> git commit -m "new changes in new repo"
[master (root-commit) f4930df] new changes in new repo
 3 files changed, 15 insertions(+)
 create mode 100644 index.html
 create mode 100644 script.js
 create mode 100644 style.css
PS C:\Users\HARI_JOHNSON\Desktop\test_repo\test_repo2> git push origin main
error: src refspec main does not match any
error: failed to push some refs to 'https://github.com/Harijohnson/test_rep.git'
PS C:\Users\HARI_JOHNSON\Desktop\test_repo\test_repo2> git branch
* master
PS C:\Users\HARI_JOHNSON\Desktop\test_repo\test_repo2> git push origin master
Enumerating objects: 5, done.
Counting objects: 100% (5/5), done.
Delta compression using up to 8 threads
Compressing objects: 100% (3/3), done.
Writing objects: 100% (5/5), 530 bytes | 530.00 KiB/s, done.
Total 5 (delta 0), reused 0 (delta 0), pack-reused 0
remote: 
remote: Create a pull request for 'master' on GitHub by visiting:
remote:      https://github.com/Harijohnson/test_rep/pull/new/master
remote: 
To https://github.com/Harijohnson/test_rep.git
 * [new branch]      master -> master
PS C:\Users\HARI_JOHNSON\Desktop\test_repo\test_repo2> git branch -M main
PS C:\Users\HARI_JOHNSON\Desktop\test_repo\test_repo2> git commit -m "new changes in new repo"
On branch main
Changes not staged for commit:
  (use "git add <file>..." to update what will be committed)
  (use "git restore <file>..." to discard changes in working directory)
        modified:   index.html

no changes added to commit (use "git add" and/or "git commit -a")
PS C:\Users\HARI_JOHNSON\Desktop\test_repo\test_repo2> git add . 
PS C:\Users\HARI_JOHNSON\Desktop\test_repo\test_repo2> git commit -m "new changes in new repo"
[main 909ed37] new changes in new repo
 1 file changed, 1 insertion(+), 1 deletion(-)
PS C:\Users\HARI_JOHNSON\Desktop\test_repo\test_repo2> git push origin main
To https://github.com/Harijohnson/test_rep.git
 ! [rejected]        main -> main (non-fast-forward)
error: failed to push some refs to 'https://github.com/Harijohnson/test_rep.git'
hint: Updates were rejected because the tip of your current branch is behind
hint: its remote counterpart. If you want to integrate the remote changes,
hint: use 'git pull' before pushing again.
hint: See the 'Note about fast-forwards' in 'git push --help' for details.
PS C:\Users\HARI_JOHNSON\Desktop\test_repo\test_repo2> git pull
There is no tracking information for the current branch.
Please specify which branch you want to merge with.
See git-pull(1) for details.

    git pull <remote> <branch>

If you wish to set tracking information for this branch you can do so with:

    git branch --set-upstream-to=origin/<branch> main

PS C:\Users\HARI_JOHNSON\Desktop\test_repo\test_repo2> git branch master
PS C:\Users\HARI_JOHNSON\Desktop\test_repo\test_repo2> git branch        
* main
  master
PS C:\Users\HARI_JOHNSON\Desktop\test_repo\test_repo2> git pull remote main
fatal: 'remote' does not appear to be a git repository
fatal: Could not read from remote repository.

Please make sure you have the correct access rights
and the repository exists.
PS C:\Users\HARI_JOHNSON\Desktop\test_repo\test_repo2> git pull remote https://github.com/Harijohnson/test_rep2.git
fatal: invalid refspec 'https://github.com/Harijohnson/test_rep2.git'
PS C:\Users\HARI_JOHNSON\Desktop\test_repo\test_repo2> git pull remote https://github.com/Harijohnson/test_repo2.git
fatal: invalid refspec 'https://github.com/Harijohnson/test_repo2.git'
PS C:\Users\HARI_JOHNSON\Desktop\test_repo\test_repo2> git pull remote main                                         
fatal: 'remote' does not appear to be a git repository
fatal: Could not read from remote repository.

Please make sure you have the correct access rights
and the repository exists.
PS C:\Users\HARI_JOHNSON\Desktop\test_repo\test_repo2> git pull remote master
fatal: 'remote' does not appear to be a git repository
fatal: Could not read from remote repository.

Please make sure you have the correct access rights
and the repository exists.
PS C:\Users\HARI_JOHNSON\Desktop\test_repo\test_repo2> git pull origin  master
From https://github.com/Harijohnson/test_rep
 * branch            master     -> FETCH_HEAD
Already up to date.
PS C:\Users\HARI_JOHNSON\Desktop\test_repo\test_repo2> git push
fatal: The current branch main has no upstream branch.
To push the current branch and set the remote as upstream, use

    git push --set-upstream origin main

To have this happen automatically for branches without a tracking
upstream, see 'push.autoSetupRemote' in 'git help config'.

PS C:\Users\HARI_JOHNSON\Desktop\test_repo\test_repo2> git push --set-upstream origin main
To https://github.com/Harijohnson/test_rep.git
 ! [rejected]        main -> main (non-fast-forward)
error: failed to push some refs to 'https://github.com/Harijohnson/test_rep.git'
hint: Updates were rejected because the tip of your current branch is behind
hint: its remote counterpart. If you want to integrate the remote changes,
hint: use 'git pull' before pushing again.
hint: See the 'Note about fast-forwards' in 'git push --help' for details.
PS C:\Users\HARI_JOHNSON\Desktop\test_repo\test_repo2> git pull
There is no tracking information for the current branch.
Please specify which branch you want to merge with.
See git-pull(1) for details.

    git pull <remote> <branch>

If you wish to set tracking information for this branch you can do so with:

    git branch --set-upstream-to=origin/<branch> main

PS C:\Users\HARI_JOHNSON\Desktop\test_repo\test_repo2> git init 
Reinitialized existing Git repository in C:/Users/HARI_JOHNSON/Desktop/test_repo/test_repo2/.git/
PS C:\Users\HARI_JOHNSON\Desktop\test_repo\test_repo2> git remote add origin https://github.com/Harijohnson/test_repo2.git
error: remote origin already exists.
PS C:\Users\HARI_JOHNSON\Desktop\test_repo\test_repo2>